SQL> create table dept(
  2  deptno number(3) not_null,
  3  dname varchar2(10),
  4  loc varchar2(20));
deptno number(3) not_null,
                 *
ERROR at line 2:
ORA-00907: missing right parenthesis


SQL> create table dept(
  2  deptno number(3) not null,
  3  dname varchar2(10),
  4  loc varchar2(20));

Table created.

SQL> select * from dept;

no rows selected

SQL> insert into dept(dname,loc) values('총무부', '서울');
insert into dept(dname,loc) values('총무부', '서울')
*
ERROR at line 1:
ORA-01400: cannot insert NULL into ("SCOTT"."DEPT"."DEPTNO")


SQL> select * from dept;

no rows selected